add(13,) / (13,)
add(76,) / (76, 13)
remove(76,) / (13,)
remove(13,) / ()
add(9,) / (9,)
add(83,) / (9, 83)
add(76,) / (9, 83, 76)
remove(76,) / (9, 83)
remove(83,) / (9,)
remove(9,) / ()
add(2,) / (2,)
remove(2,) / ()
add(21,) / (21,)
add(2,) / (2, 21)
remove(21,) / (2,)
remove(2,) / ()
add(21,) / (21,)
add(28,) / (28, 21)
remove(28,) / (21,)
add(64,) / (64, 21)
  0. Finished at step 20, ended in non-accepting state
add(95,) / (95,)
remove(95,) / ()
add(83,) / (83,)
add(66,) / (66, 83)
remove(66,) / (83,)
add(58,) / (58, 83)
  0. Finished at step 6, ended in non-accepting state
add(43,) / (43,)
remove(43,) / ()
add(94,) / (94,)
remove(94,) / ()
add(3,) / (3,)
remove(3,) / ()
  1. Finished at step 6, reached accepting state
add(38,) / (38,)
add(52,) / (52, 38)
remove(52,) / (38,)
remove(38,) / ()
add(51,) / (51,)
remove(51,) / ()
  2. Finished at step 6, reached accepting state
Test finished, completed 3 runs
pmt -s 1 -n 20 populations, use seed so same run each time

pmt -s 2 -n 6 populations, use seed so same run each time

