add(13,) / (13,)
add(76,) / (76, 13)
remove(76,) / (13,)
remove(13,) / ()
add(9,) / (9,)
add(83,) / (9, 83)
add(76,) / (9, 83, 76)
remove(76,) / (9, 83)
remove(83,) / (9,)
remove(9,) / ()
add(2,) / (2,)
remove(2,) / ()
add(21,) / (21,)
add(2,) / (2, 21)
remove(21,) / (2,)
remove(2,) / ()
add(21,) / (21,)
add(28,) / (28, 21)
remove(28,) / (21,)
add(64,) / (64, 21)
  0. Finished at step 20, ended in non-accepting state
add(9,) / (9,)
remove(9,) / ()
add(8,) / (8,)
add(6,) / (8, 6)
remove(8,) / (6,)
remove(6,) / ()
add(4,) / (4,)
remove(4,) / ()
add(9,) / (9,)
remove(9,) / ()
add(0,) / (0,)
add(4,) / (0, 4)
add(3,) / (0, 3, 4)
remove(4,) / (0, 3)
add(2,) / (0, 2, 3)
add(3,) / (0, 2, 3)
remove(0,) / (2, 3)
add(6,) / (2, 3, 6)
remove(2,) / (3, 6)
add(7,) / (3, 6, 7)
  0. Finished at step 20, ended in non-accepting state
add(9,) / (9,)
remove(9,) / ()
add(8,) / (8,)
add(6,) / (8, 6)
remove(8,) / (6,)
remove(6,) / ()
add(4,) / (4,)
remove(4,) / ()
add(9,) / (9,)
remove(9,) / ()
add(0,) / (0,)
add(4,) / (0, 4)
add(3,) / (0, 3, 4)
remove(4,) / (0, 3)
add(2,) / (0, 2, 3)
add(3,) / (0, 2, 3)
remove(0,) / (2, 3)
add(6,) / (2, 3, 6)
remove(2,) / (3, 6)
add(7,) / (3, 6, 7)
  0. Finished at step 20, ended in non-accepting state
pmt -s 1 -n 20 populations, first with domains in defined model

pmt -s 2 -n 20 populations domains9, rebind domains in config file

pmt -s 2 -n 20 domains9 populations, put config file first in args

