add(95,) / (95,)
remove(95,) / ()
add(83,) / (83,)
add(66,) / (66, 83)
remove(66,) / (83,)
add(58,) / (58, 83)
remove(58,) / (83,)
remove(83,) / ()
add(94,) / (94,)
remove(94,) / ()
add(3,) / (3,)
remove(3,) / ()
add(38,) / (38,)
add(52,) / (52, 38)
remove(52,) / (38,)
remove(38,) / ()
add(51,) / (51,)
remove(51,) / ()
add(89,) / (89,)
remove(89,) / ()
add(76,) / (76,)
add(35,) / (35, 76)
remove(35,) / (76,)
add(75,) / (75, 76)
add(46,) / (75, 76, 46)
add(49,) / (49, 75, 76, 46)
remove(49,) / (75, 76, 46)
add(35,) / (35, 75, 76, 46)
remove(35,) / (75, 76, 46)
add(56,) / (56, 75, 76, 46)
  0. Finished at step 30, ended in non-accepting state
add(95,) / (95,)
remove(95,) / ()
add(83,) / (83,)
add(66,) / (66, 83)
remove(66,) / (83,)
add(58,) / (58, 83)
remove(58,) / (83,)
remove(83,) / ()
add(94,) / (94,)
remove(94,) / ()
add(3,) / (3,)
remove(3,) / ()
add(38,) / (38,)
add(52,) / (52, 38)
remove(52,) / (38,)
remove(38,) / ()
add(51,) / (51,)
remove(51,) / ()
add(89,) / (89,)
remove(89,) / ()
add(76,) / (76,)
add(35,) / (35, 76)
remove(35,) / (76,)
add(75,) / (75, 76)
add(46,) / (75, 76, 46)
remove(75,) / (76, 46)
remove(46,) / (76,)
add(35,) / (35, 76)
remove(76,) / (35,)
remove(35,) / ()
  0. Finished at step 30, reached accepting state
add(95,) / (95,)
remove(95,) / ()
add(83,) / (83,)
add(66,) / (66, 83)
remove(66,) / (83,)
add(58,) / (58, 83)
remove(58,) / (83,)
remove(83,) / ()
add(94,) / (94,)
remove(94,) / ()
add(3,) / (3,)
remove(3,) / ()
add(38,) / (38,)
add(52,) / (52, 38)
remove(52,) / (38,)
remove(38,) / ()
add(51,) / (51,)
remove(51,) / ()
add(89,) / (89,)
remove(89,) / ()
add(76,) / (76,)
add(35,) / (35, 76)
remove(35,) / (76,)
add(75,) / (75, 76)
add(46,) / (75, 76, 46)
remove(75,) / (76, 46)
remove(46,) / (76,)
add(35,) / (35, 76)
remove(76,) / (35,)
remove(35,) / ()
  0. Finished at step 30, reached accepting state
pmt -s 2 -n 30 populations, first without state filter

pmt -s 2 -n 30 populations filter3, state filter limits population to 3

pmt -s 2 -n 30 populations filter3_lc, BUG state filter spelled in lowercase has no effect

