dot - graphviz version 2.28.0 (20111028.1807)
libdir = "/usr/local/lib/graphviz"
Activated plugin library: libgvplugin_quartz.6.dylib
Using textlayout: textlayout:quartz
Activated plugin library: libgvplugin_core.6.dylib
Using render: svg:core
Using device: svg:svg:core
Activated plugin library: libgvplugin_dot_layout.6.dylib
Using layout: dot:dot_layout
The plugin configuration file:
	/usr/local/lib/graphviz/config6
		was successfully loaded.
    render	:  dot fig gd map ps quartz svg tk vml vrml xdot
    layout	:  circo dot fdp neato nop nop1 nop2 osage patchwork sfdp twopi
    textlayout	:  textlayout
    device	:  bmp canon cgimage cmap cmapx cmapx_np dot eps exr fig gd gd2 gif gv imap imap_np ismap jp2 jpe jpeg jpg pct pdf pict plain plain-ext png ps ps2 psd sgi svg svgz tga tif tiff tk vml vmlz vrml wbmp xdot
    loadimage	:  (lib) bmp eps gd gd2 gif jpe jpeg jpg pdf png ps svg
fontname: unable to resolve "Times-Roman"
network simplex:  5 nodes 5 edges maxiter=2147483647 balance=1
network simplex: 5 nodes 5 edges 0 iter 0.00 sec
mincross: pass 0 iter 0 trying 0 cur_cross 0 best_cross 0
mincross ABP: 0 crossings, 0.00 secs.
network simplex:  28 nodes 33 edges maxiter=2147483647 balance=2
network simplex: 28 nodes 33 edges 4 iter 0.00 sec
routesplines: 5 edges, 33 boxes 0.00 sec
Using render: svg:core
Using device: svg:svg:core
5 states, 13 transitions, 3 accepting states, 0 unsafe states
dot - graphviz version 2.28.0 (20111028.1807)
libdir = "/usr/local/lib/graphviz"
Activated plugin library: libgvplugin_quartz.6.dylib
Using textlayout: textlayout:quartz
Activated plugin library: libgvplugin_core.6.dylib
Using render: svg:core
Using device: svg:svg:core
Activated plugin library: libgvplugin_dot_layout.6.dylib
Using layout: dot:dot_layout
The plugin configuration file:
	/usr/local/lib/graphviz/config6
		was successfully loaded.
    render	:  dot fig gd map ps quartz svg tk vml vrml xdot
    layout	:  circo dot fdp neato nop nop1 nop2 osage patchwork sfdp twopi
    textlayout	:  textlayout
    device	:  bmp canon cgimage cmap cmapx cmapx_np dot eps exr fig gd gd2 gif gv imap imap_np ismap jp2 jpe jpeg jpg pct pdf pict plain plain-ext png ps ps2 psd sgi svg svgz tga tif tiff tk vml vmlz vrml wbmp xdot
    loadimage	:  (lib) bmp eps gd gd2 gif jpe jpeg jpg pdf png ps svg
fontname: unable to resolve "Times-Roman"
network simplex:  5 nodes 5 edges maxiter=2147483647 balance=1
network simplex: 5 nodes 5 edges 0 iter 0.00 sec
mincross: pass 0 iter 0 trying 0 cur_cross 0 best_cross 0
mincross ABPFSM: 0 crossings, 0.00 secs.
network simplex:  28 nodes 33 edges maxiter=2147483647 balance=2
network simplex: 28 nodes 33 edges 4 iter 0.00 sec
routesplines: 5 edges, 33 boxes 0.00 sec
Using render: svg:core
Using device: svg:svg:core
Run Pymodel Graphics to generate dot file from FSM model, no need use pma

Generate SVG file from dot

Run PyModel Analyzer to generate FSM from original FSM, should be the same

Run PyModel Graphics to generate a file of graphics commands from new FSM

Generate an svg file from the graphics commands

