total 1272
-rw-r--r--  1 jon  staff   4966 Feb 11  2012 #webapp.py#
-rw-r--r--  1 jon  staff    248 Jan 29  2012 #wsgiconfig.py#
-rw-r--r--  1 jon  staff    141 Sep  3  2011 OneUserDomain.py
-rw-r--r--  1 jon  staff    297 Nov 19 08:21 OneUserDomain.pyc
-rw-r--r--  1 jon  staff   2964 Nov 19 08:21 OneUserDomainFSM.dot
-rw-r--r--  1 jon  staff   2227 Nov 19 08:21 OneUserDomainFSM.py
-rw-r--r--  1 jon  staff   2287 Nov 19 08:21 OneUserDomainFSM.pyc
-rw-r--r--  1 jon  staff  14285 Nov 19 08:21 OneUserDomainFSM.svg
-rw-r--r--  1 jon  staff    240 Sep  3  2011 OneUserFilter.py
-rw-r--r--  1 jon  staff    507 Nov 19 08:21 OneUserFilter.pyc
-rw-r--r--  1 jon  staff   3648 Nov 19 08:21 OneUserFilterFSM.dot
-rw-r--r--  1 jon  staff   2569 Nov 19 08:21 OneUserFilterFSM.py
-rw-r--r--  1 jon  staff   2528 Nov 19 08:21 OneUserFilterFSM.pyc
-rw-r--r--  1 jon  staff  17828 Nov 19 08:21 OneUserFilterFSM.svg
-rw-r--r--  1 jon  staff    389 Nov 19 08:21 OneUserNoIntScenario.dot
-rw-r--r--  1 jon  staff    383 Sep  3  2011 OneUserNoIntScenario.py
-rw-r--r--  1 jon  staff    625 Sep 16 16:49 OneUserNoIntScenario.pyc
-rw-r--r--  1 jon  staff   2321 Nov 19 08:21 OneUserNoIntScenario.svg
-rw-r--r--  1 jon  staff    882 Nov 19 08:21 OneUserNoIntScenarioFSM.dot
-rw-r--r--  1 jon  staff   1142 Nov 19 08:21 OneUserNoIntScenarioFSM.py
-rw-r--r--  1 jon  staff   1558 Nov 19 08:21 OneUserNoIntScenarioFSM.pyc
-rw-r--r--  1 jon  staff   3633 Nov 19 08:21 OneUserNoIntScenarioFSM.svg
-rw-r--r--  1 jon  staff   3633 Sep 16 16:52 OneUserNoIntScenario_saveFSM.svg
-rw-r--r--  1 jon  staff    384 Nov 19 08:21 OneUserScenario.dot
-rw-r--r--  1 jon  staff    326 Sep  3  2011 OneUserScenario.py
-rw-r--r--  1 jon  staff    547 Oct 13 18:29 OneUserScenario.pyc
-rw-r--r--  1 jon  staff   2311 Nov 19 08:21 OneUserScenario.svg
-rw-r--r--  1 jon  staff   2772 Nov 19 08:21 OneUserScenarioFSM.dot
-rw-r--r--  1 jon  staff   2209 Nov 19 08:21 OneUserScenarioFSM.py
-rw-r--r--  1 jon  staff   2228 Nov 19 08:21 OneUserScenarioFSM.pyc
-rw-r--r--  1 jon  staff  12686 Nov 19 08:21 OneUserScenarioFSM.svg
-rw-r--r--  1 jon  staff    242 Sep  3  2011 PHPLocalConfig.py
-rw-r--r--  1 jon  staff    279 Sep  3  2011 ScenarioLogin.py
-rw-r--r--  1 jon  staff    443 Oct 13 18:37 ScenarioLogin.pyc
-rw-r--r--  1 jon  staff   2315 Sep  3  2011 Session.py
-rw-r--r--  1 jon  staff   4136 Sep  3  2011 Stepper.py
-rw-r--r--  1 jon  staff   3995 May 21 21:14 Stepper.pyc
-rw-r--r--  1 jon  staff    863 Nov 18 19:28 TestIntComposeFSM.dot
-rw-r--r--  1 jon  staff   1061 Nov 18 19:28 TestIntComposeFSM.py
-rw-r--r--  1 jon  staff   1534 Nov 18 19:28 TestIntComposeFSM.pyc
-rw-r--r--  1 jon  staff   3327 Nov 18 19:28 TestIntComposeFSM.svg
-rw-r--r--  1 jon  staff   1115 Nov 18 19:28 TestIntComposeLogoutFSM.dot
-rw-r--r--  1 jon  staff   1201 Nov 18 19:28 TestIntComposeLogoutFSM.py
-rw-r--r--  1 jon  staff   1667 Nov 18 19:28 TestIntComposeLogoutFSM.pyc
-rw-r--r--  1 jon  staff   4150 Nov 18 19:28 TestIntComposeLogoutFSM.svg
-rw-r--r--  1 jon  staff    372 Sep  3  2011 TestIntFailure.py
-rw-r--r--  1 jon  staff    476 May 21 21:15 TestIntFailure.pyc
-rw-r--r--  1 jon  staff    336 Sep  3  2011 TestIntSuccess.py
-rw-r--r--  1 jon  staff    496 May 21 21:15 TestIntSuccess.pyc
-rw-r--r--  1 jon  staff   1149 Nov 18 19:29 TestIntSuccessFSM.dot
-rw-r--r--  1 jon  staff   1082 Nov 18 19:29 TestIntSuccessFSM.py
-rw-r--r--  1 jon  staff   1570 Nov 18 19:29 TestIntSuccessFSM.pyc
-rw-r--r--  1 jon  staff   4767 Nov 18 19:29 TestIntSuccessFSM.svg
-rw-r--r--  1 jon  staff    426 Sep  3  2011 TestIntSuccessNoNone.py
-rw-r--r--  1 jon  staff    688 Sep  3  2011 TestIntTwoRuns.py
-rw-r--r--  1 jon  staff    653 May 21 21:15 TestIntTwoRuns.pyc
-rw-r--r--  1 jon  staff    745 Sep  3  2011 TestIntTwoUsers.py
-rw-r--r--  1 jon  staff    370 Sep  3  2011 TestIntWrong.py
-rw-r--r--  1 jon  staff    499 Sep 17 08:20 TestIntWrong.pyc
-rw-r--r--  1 jon  staff   1135 Nov 18 19:28 TestIntWrongFSM.dot
-rw-r--r--  1 jon  staff   1068 Nov 18 19:28 TestIntWrongFSM.py
-rw-r--r--  1 jon  staff   1556 Nov 18 19:28 TestIntWrongFSM.pyc
-rw-r--r--  1 jon  staff   4751 Nov 18 19:28 TestIntWrongFSM.svg
-rw-r--r--  1 jon  staff    378 Sep  3  2011 TestIntWrongLogout.py
-rw-r--r--  1 jon  staff    555 Oct 13 16:27 TestIntWrongLogout.pyc
-rw-r--r--  1 jon  staff   1175 Oct 13 16:32 TestIntWrongLogoutFSM.dot
-rw-r--r--  1 jon  staff   1109 Oct 13 16:32 TestIntWrongLogoutFSM.py
-rw-r--r--  1 jon  staff   1611 Oct 13 16:32 TestIntWrongLogoutFSM.pyc
-rw-r--r--  1 jon  staff   4797 Oct 13 16:33 TestIntWrongLogoutFSM.svg
-rw-r--r--  1 jon  staff    470 Sep  3  2011 TestLoginFiveFailures.py
-rw-r--r--  1 jon  staff    519 May 21 21:15 TestLoginFiveFailures.pyc
-rw-r--r--  1 jon  staff    130 Sep  3  2011 VerboseConfig.py
-rw-r--r--  1 jon  staff    428 Sep  3  2011 WSGIVerboseConfig.py
-rw-r--r--  1 jon  staff   2207 Sep  3  2011 WebModel.py
-rw-r--r--  1 jon  staff   3181 May 21 21:14 WebModel.pyc
-rw-r--r--  1 jon  staff   8313 Nov 19 08:21 WebModelFSM.dot
-rw-r--r--  1 jon  staff   5257 Nov 19 08:21 WebModelFSM.py
-rw-r--r--  1 jon  staff   4169 Nov 19 08:21 WebModelFSM.pyc
-rw-r--r--  1 jon  staff  37456 Nov 19 08:21 WebModelFSM.svg
-rw-r--r--  1 jon  staff    854 Sep  3  2011 aaareadme.txt
-rw-r--r--  1 jon  staff   1368 Oct 14 14:28 dotsvg.log
-rw-r--r--  1 jon  staff    248 Sep  3  2011 local8080config.py
-rw-r--r--  1 jon  staff    322 Sep  3  2011 nmodelconfig.py
-rw-r--r--  1 jon  staff   4225 Nov 18 19:28 test.log
-rw-r--r--  1 jon  staff   1335 Sep  3  2011 test.py
-rw-r--r--  1 jon  staff   2700 Oct 13 16:09 test.pyc
-rw-r--r--  1 jon  staff   4225 Oct 13 16:17 test.ref
-rw-r--r--  1 jon  staff   6107 Nov 18 19:28 test_composition.log
-rw-r--r--  1 jon  staff   1057 Sep  3  2011 test_composition.py
-rw-r--r--  1 jon  staff   1956 Oct 13 16:27 test_composition.pyc
-rw-r--r--  1 jon  staff   6107 Nov 18 19:27 test_composition.ref
-rw-r--r--  1 jon  staff  11889 Nov 19 08:21 test_graphics.log
-rw-r--r--  1 jon  staff   1880 Sep  3  2011 test_graphics.py
-rw-r--r--  1 jon  staff   2609 Nov 19 08:21 test_graphics.pyc
-rw-r--r--  1 jon  staff  11889 Nov 19 08:21 test_graphics.ref
-rw-r--r--  1 jon  staff      0 Nov 19 08:24 test_ls.log
-rw-r--r--  1 jon  staff    111 Sep  3  2011 test_ls.py
-rw-r--r--  1 jon  staff    337 Nov 19 08:22 test_ls.pyc
-rw-r--r--  1 jon  staff  15130 Nov 19 08:24 test_ls.ref
-rw-r--r--  1 jon  staff   4519 Nov 18 19:29 test_no_composition.log
-rw-r--r--  1 jon  staff    747 Sep  3  2011 test_no_composition.py
-rw-r--r--  1 jon  staff   1349 Oct 13 18:29 test_no_composition.pyc
-rw-r--r--  1 jon  staff   4519 Nov 18 19:29 test_no_composition.ref
-rw-r--r--  1 jon  staff    262 Sep  3  2011 test_offline.py
-rw-r--r--  1 jon  staff   2729 Sep  3  2011 test_offline.ref
-rw-r--r--  1 jon  staff   1479 Nov 18 19:29 test_scenarios.log
-rw-r--r--  1 jon  staff    407 Sep  3  2011 test_scenarios.py
-rw-r--r--  1 jon  staff    914 Oct 13 18:37 test_scenarios.pyc
-rw-r--r--  1 jon  staff   1479 Oct 13 18:47 test_scenarios.ref
-rw-r--r--  1 jon  staff   1167 Sep  3  2011 test_stepper.py
-rw-r--r--  1 jon  staff   2133 May 21 21:14 test_stepper.pyc
-rw-r--r--  1 jon  staff   2654 Sep  3  2011 test_stepper.ref
-rw-r--r--  1 jon  staff   1006 Sep  3  2011 test_validation.py
-rw-r--r--  1 jon  staff   1458 Sep  3  2011 test_validation.ref
-rw-r--r--  1 jon  staff   5136 Sep  3  2011 webapp.py
-rw-r--r--  1 jon  staff   3388 May 21 21:14 webapp.pyc
-rw-r--r--  1 jon  staff    248 Sep  3  2011 wsgiconfig.py
total 1288
-rw-r--r--  1 jon  staff    248 Sep  3  2011 wsgiconfig.py
-rw-r--r--  1 jon  staff   5136 Sep  3  2011 webapp.py
-rw-r--r--  1 jon  staff   1458 Sep  3  2011 test_validation.ref
-rw-r--r--  1 jon  staff   1006 Sep  3  2011 test_validation.py
-rw-r--r--  1 jon  staff   2654 Sep  3  2011 test_stepper.ref
-rw-r--r--  1 jon  staff   1167 Sep  3  2011 test_stepper.py
-rw-r--r--  1 jon  staff    407 Sep  3  2011 test_scenarios.py
-rw-r--r--  1 jon  staff   2729 Sep  3  2011 test_offline.ref
-rw-r--r--  1 jon  staff    262 Sep  3  2011 test_offline.py
-rw-r--r--  1 jon  staff    747 Sep  3  2011 test_no_composition.py
-rw-r--r--  1 jon  staff    111 Sep  3  2011 test_ls.py
-rw-r--r--  1 jon  staff   1880 Sep  3  2011 test_graphics.py
-rw-r--r--  1 jon  staff   1057 Sep  3  2011 test_composition.py
-rw-r--r--  1 jon  staff   1335 Sep  3  2011 test.py
-rw-r--r--  1 jon  staff    322 Sep  3  2011 nmodelconfig.py
-rw-r--r--  1 jon  staff    248 Sep  3  2011 local8080config.py
-rw-r--r--  1 jon  staff    854 Sep  3  2011 aaareadme.txt
-rw-r--r--  1 jon  staff   2207 Sep  3  2011 WebModel.py
-rw-r--r--  1 jon  staff    428 Sep  3  2011 WSGIVerboseConfig.py
-rw-r--r--  1 jon  staff    130 Sep  3  2011 VerboseConfig.py
-rw-r--r--  1 jon  staff    470 Sep  3  2011 TestLoginFiveFailures.py
-rw-r--r--  1 jon  staff    378 Sep  3  2011 TestIntWrongLogout.py
-rw-r--r--  1 jon  staff    370 Sep  3  2011 TestIntWrong.py
-rw-r--r--  1 jon  staff    745 Sep  3  2011 TestIntTwoUsers.py
-rw-r--r--  1 jon  staff    688 Sep  3  2011 TestIntTwoRuns.py
-rw-r--r--  1 jon  staff    426 Sep  3  2011 TestIntSuccessNoNone.py
-rw-r--r--  1 jon  staff    336 Sep  3  2011 TestIntSuccess.py
-rw-r--r--  1 jon  staff    372 Sep  3  2011 TestIntFailure.py
-rw-r--r--  1 jon  staff   4136 Sep  3  2011 Stepper.py
-rw-r--r--  1 jon  staff   2315 Sep  3  2011 Session.py
-rw-r--r--  1 jon  staff    279 Sep  3  2011 ScenarioLogin.py
-rw-r--r--  1 jon  staff    242 Sep  3  2011 PHPLocalConfig.py
-rw-r--r--  1 jon  staff    326 Sep  3  2011 OneUserScenario.py
-rw-r--r--  1 jon  staff    383 Sep  3  2011 OneUserNoIntScenario.py
-rw-r--r--  1 jon  staff    240 Sep  3  2011 OneUserFilter.py
-rw-r--r--  1 jon  staff    141 Sep  3  2011 OneUserDomain.py
-rw-r--r--  1 jon  staff    248 Jan 29  2012 #wsgiconfig.py#
-rw-r--r--  1 jon  staff   4966 Feb 11  2012 #webapp.py#
-rw-r--r--  1 jon  staff   3388 May 21 21:14 webapp.pyc
-rw-r--r--  1 jon  staff   2133 May 21 21:14 test_stepper.pyc
-rw-r--r--  1 jon  staff   3181 May 21 21:14 WebModel.pyc
-rw-r--r--  1 jon  staff   3995 May 21 21:14 Stepper.pyc
-rw-r--r--  1 jon  staff    519 May 21 21:15 TestLoginFiveFailures.pyc
-rw-r--r--  1 jon  staff    653 May 21 21:15 TestIntTwoRuns.pyc
-rw-r--r--  1 jon  staff    496 May 21 21:15 TestIntSuccess.pyc
-rw-r--r--  1 jon  staff    476 May 21 21:15 TestIntFailure.pyc
-rw-r--r--  1 jon  staff    625 Sep 16 16:49 OneUserNoIntScenario.pyc
-rw-r--r--  1 jon  staff   3633 Sep 16 16:52 OneUserNoIntScenario_saveFSM.svg
-rw-r--r--  1 jon  staff    499 Sep 17 08:20 TestIntWrong.pyc
-rw-r--r--  1 jon  staff   2700 Oct 13 16:09 test.pyc
-rw-r--r--  1 jon  staff   4225 Oct 13 16:17 test.ref
-rw-r--r--  1 jon  staff   1956 Oct 13 16:27 test_composition.pyc
-rw-r--r--  1 jon  staff    555 Oct 13 16:27 TestIntWrongLogout.pyc
-rw-r--r--  1 jon  staff   1109 Oct 13 16:32 TestIntWrongLogoutFSM.py
-rw-r--r--  1 jon  staff   1611 Oct 13 16:32 TestIntWrongLogoutFSM.pyc
-rw-r--r--  1 jon  staff   1175 Oct 13 16:32 TestIntWrongLogoutFSM.dot
-rw-r--r--  1 jon  staff   4797 Oct 13 16:33 TestIntWrongLogoutFSM.svg
-rw-r--r--  1 jon  staff   1349 Oct 13 18:29 test_no_composition.pyc
-rw-r--r--  1 jon  staff    547 Oct 13 18:29 OneUserScenario.pyc
-rw-r--r--  1 jon  staff    914 Oct 13 18:37 test_scenarios.pyc
-rw-r--r--  1 jon  staff    443 Oct 13 18:37 ScenarioLogin.pyc
-rw-r--r--  1 jon  staff   1479 Oct 13 18:47 test_scenarios.ref
-rw-r--r--  1 jon  staff   1368 Oct 14 14:28 dotsvg.log
-rw-r--r--  1 jon  staff   6107 Nov 18 19:27 test_composition.ref
-rw-r--r--  1 jon  staff   6107 Nov 18 19:28 test_composition.log
-rw-r--r--  1 jon  staff   4751 Nov 18 19:28 TestIntWrongFSM.svg
-rw-r--r--  1 jon  staff   1556 Nov 18 19:28 TestIntWrongFSM.pyc
-rw-r--r--  1 jon  staff   1068 Nov 18 19:28 TestIntWrongFSM.py
-rw-r--r--  1 jon  staff   1135 Nov 18 19:28 TestIntWrongFSM.dot
-rw-r--r--  1 jon  staff   4150 Nov 18 19:28 TestIntComposeLogoutFSM.svg
-rw-r--r--  1 jon  staff   1667 Nov 18 19:28 TestIntComposeLogoutFSM.pyc
-rw-r--r--  1 jon  staff   1201 Nov 18 19:28 TestIntComposeLogoutFSM.py
-rw-r--r--  1 jon  staff   1115 Nov 18 19:28 TestIntComposeLogoutFSM.dot
-rw-r--r--  1 jon  staff   3327 Nov 18 19:28 TestIntComposeFSM.svg
-rw-r--r--  1 jon  staff   1534 Nov 18 19:28 TestIntComposeFSM.pyc
-rw-r--r--  1 jon  staff   1061 Nov 18 19:28 TestIntComposeFSM.py
-rw-r--r--  1 jon  staff    863 Nov 18 19:28 TestIntComposeFSM.dot
-rw-r--r--  1 jon  staff   4225 Nov 18 19:28 test.log
-rw-r--r--  1 jon  staff   4519 Nov 18 19:29 test_no_composition.ref
-rw-r--r--  1 jon  staff   4767 Nov 18 19:29 TestIntSuccessFSM.svg
-rw-r--r--  1 jon  staff   1570 Nov 18 19:29 TestIntSuccessFSM.pyc
-rw-r--r--  1 jon  staff   1082 Nov 18 19:29 TestIntSuccessFSM.py
-rw-r--r--  1 jon  staff   1149 Nov 18 19:29 TestIntSuccessFSM.dot
-rw-r--r--  1 jon  staff   4519 Nov 18 19:29 test_no_composition.log
-rw-r--r--  1 jon  staff   1479 Nov 18 19:29 test_scenarios.log
-rw-r--r--  1 jon  staff   2609 Nov 19 08:21 test_graphics.pyc
-rw-r--r--  1 jon  staff    297 Nov 19 08:21 OneUserDomain.pyc
-rw-r--r--  1 jon  staff  11889 Nov 19 08:21 test_graphics.ref
-rw-r--r--  1 jon  staff    507 Nov 19 08:21 OneUserFilter.pyc
-rw-r--r--  1 jon  staff  37456 Nov 19 08:21 WebModelFSM.svg
-rw-r--r--  1 jon  staff   4169 Nov 19 08:21 WebModelFSM.pyc
-rw-r--r--  1 jon  staff   5257 Nov 19 08:21 WebModelFSM.py
-rw-r--r--  1 jon  staff   8313 Nov 19 08:21 WebModelFSM.dot
-rw-r--r--  1 jon  staff  12686 Nov 19 08:21 OneUserScenarioFSM.svg
-rw-r--r--  1 jon  staff   2228 Nov 19 08:21 OneUserScenarioFSM.pyc
-rw-r--r--  1 jon  staff   2209 Nov 19 08:21 OneUserScenarioFSM.py
-rw-r--r--  1 jon  staff   2772 Nov 19 08:21 OneUserScenarioFSM.dot
-rw-r--r--  1 jon  staff   2311 Nov 19 08:21 OneUserScenario.svg
-rw-r--r--  1 jon  staff    384 Nov 19 08:21 OneUserScenario.dot
-rw-r--r--  1 jon  staff  14285 Nov 19 08:21 OneUserDomainFSM.svg
-rw-r--r--  1 jon  staff   2287 Nov 19 08:21 OneUserDomainFSM.pyc
-rw-r--r--  1 jon  staff   2227 Nov 19 08:21 OneUserDomainFSM.py
-rw-r--r--  1 jon  staff   2964 Nov 19 08:21 OneUserDomainFSM.dot
-rw-r--r--  1 jon  staff  11889 Nov 19 08:21 test_graphics.log
-rw-r--r--  1 jon  staff   3633 Nov 19 08:21 OneUserNoIntScenarioFSM.svg
-rw-r--r--  1 jon  staff   1558 Nov 19 08:21 OneUserNoIntScenarioFSM.pyc
-rw-r--r--  1 jon  staff   1142 Nov 19 08:21 OneUserNoIntScenarioFSM.py
-rw-r--r--  1 jon  staff    882 Nov 19 08:21 OneUserNoIntScenarioFSM.dot
-rw-r--r--  1 jon  staff   2321 Nov 19 08:21 OneUserNoIntScenario.svg
-rw-r--r--  1 jon  staff    389 Nov 19 08:21 OneUserNoIntScenario.dot
-rw-r--r--  1 jon  staff  17828 Nov 19 08:21 OneUserFilterFSM.svg
-rw-r--r--  1 jon  staff   2528 Nov 19 08:21 OneUserFilterFSM.pyc
-rw-r--r--  1 jon  staff   2569 Nov 19 08:21 OneUserFilterFSM.py
-rw-r--r--  1 jon  staff   3648 Nov 19 08:21 OneUserFilterFSM.dot
-rw-r--r--  1 jon  staff    337 Nov 19 08:22 test_ls.pyc
-rw-r--r--  1 jon  staff  15130 Nov 19 08:24 test_ls.ref
-rw-r--r--  1 jon  staff   7539 Nov 19 08:24 test_ls.log
Test the command: ls -l

Test the command: ls -ltr

