add(13,) / (13,)
add(76,) / (76, 13)
remove(76,) / (13,)
remove(13,) / ()
add(9,) / (9,)
add(83,) / (9, 83)
add(76,) / (9, 83, 76)
remove(76,) / (9, 83)
add(22,) / (9, 83, 22)
add(90,) / (9, 90, 83, 22)
remove(90,) / (9, 83, 22)
add(93,) / (9, 83, 93, 22)
remove(22,) / (9, 83, 93)
add(2,) / (9, 2, 83, 93)
add(43,) / (9, 2, 83, 93, 43)
remove(93,) / (9, 2, 83, 43)
remove(9,) / (2, 83, 43)
remove(83,) / (2, 43)
remove(2,) / (43,)
remove(43,) / ()
  0. Finished at step 20, reached accepting state
add(9,) / (9,)
remove(9,) / ()
add(8,) / (8,)
remove(8,) / ()
add(6,) / (6,)
remove(6,) / ()
add(4,) / (4,)
remove(4,) / ()
add(9,) / (9,)
remove(9,) / ()
add(0,) / (0,)
add(4,) / (0, 4)
add(3,) / (0, 3, 4)
add(5,) / (0, 3, 4, 5)
remove(0,) / (3, 4, 5)
add(3,) / (3, 4, 5)
remove(4,) / (3, 5)
remove(3,) / (5,)
remove(5,) / ()
add(7,) / (7,)
  0. Finished at step 20, ended in non-accepting state
add(9,) / (9,)
remove(9,) / ()
add(8,) / (8,)
remove(8,) / ()
add(6,) / (6,)
remove(6,) / ()
add(4,) / (4,)
remove(4,) / ()
add(9,) / (9,)
remove(9,) / ()
add(0,) / (0,)
add(4,) / (0, 4)
add(3,) / (0, 3, 4)
add(5,) / (0, 3, 4, 5)
remove(0,) / (3, 4, 5)
add(3,) / (3, 4, 5)
remove(4,) / (3, 5)
remove(3,) / (5,)
remove(5,) / ()
add(7,) / (7,)
  0. Finished at step 20, ended in non-accepting state
pmt.py -s 1 -n 20 populations, first with domains in defined model

pmt.py -s 2 -n 20 populations domains9, rebind domains in config file

pmt.py -s 2 -n 20 domains9 populations, put config file first in args

