Shift()
Shift()
Shift()
Shift()
Shift()
Shift()
Shift()
Shift()
Shift()
Shift()
  0. Finished at step 10, reached accepting state
Shift()
Shift()
Shift()
Shift()
Shift()
Shift()
Shift()
Shift()
Shift()
Shift()
  0. Finished at step 10, reached accepting state
No Reset function for model program Marquee
One run

Request two runs, but no Reset function, so only one run executes

